{
'project:django-2.2.3/django/core/management/commands/loaddata.py':[
188,
],
'project:django-2.2.3/django/template/defaultfilters.py':[
816,
],
'project:twisted-12.1.0/twisted/web/http.py':[
1206,
],
}
